c17330bb9a15d2880c13919aa44bd5f12bb115155f2457a9c18b9e9294fd77bb  targets/correct-target--O0.so
built targets/correct-target--O0.so
8d91c14d80007beeea2a6dacafb835b7376ec5919a6f78cd3a800b384ea86f55  targets/corrupted-target--O0.so
built targets/corrupted-target--O0.so
/home/arkheionx/Documents/ETC/ecc-audit-engine/harnesses/leaky-target/target.c:21:22: warning: ‘secret_table’ defined but not used [-Wunused-const-variable=]
   21 | static const uint8_t secret_table[16][64] = {
      |                      ^~~~~~~~~~~~
112f194a488bc1db097a7ebd819998ed6f00843958ccc5d60581aa389aaf6093  targets/leaky-branch--O0.so
built targets/leaky-branch--O0.so
ce8a8a2c20d273eb86a788acf5124948e5db39ee3f54f831bed40996edd70540  targets/leaky-table--O0.so
built targets/leaky-table--O0.so
332e334c652917ff6884605f3dfb7cd30645320dbef0533f56cf5f3a454c5d12  targets/leaky-control--O0.so
built targets/leaky-control--O0.so
7a570315d82189e28c691bb893b0c6fc5302a458dc8ced942954e8cd2376c2ab  targets/correct-target--O2.so
built targets/correct-target--O2.so
d3e563883380e00c91601c9197c4051038c7a3323a13917cfd4d5267ce5c7a29  targets/corrupted-target--O2.so
built targets/corrupted-target--O2.so
/home/arkheionx/Documents/ETC/ecc-audit-engine/harnesses/leaky-target/target.c:21:22: warning: ‘secret_table’ defined but not used [-Wunused-const-variable=]
   21 | static const uint8_t secret_table[16][64] = {
      |                      ^~~~~~~~~~~~
fc693eb42d61f2feddcc029026ec324e1c149fdd7b9304608702410ccd4375b2  targets/leaky-branch--O2.so
built targets/leaky-branch--O2.so
35948bc7bb9dbe4bbf70fb84cec53f7a24d079a636fd76c3e522b02ed05dd230  targets/leaky-table--O2.so
built targets/leaky-table--O2.so
bc478cf740f60f5cb193f7dcbf40f55f2f7da691f11833c59ae5c206873afeb5  targets/leaky-control--O2.so
built targets/leaky-control--O2.so
a68a54647f65005a2d537e539ab509b83d8973896b0c42186b8b5dcc0eeec2c1  targets/correct-target--O3.so
built targets/correct-target--O3.so
0521af57fdd4a12266a2a6cac8011281190e3ff6290fa80c12d6086cad9a0e4b  targets/corrupted-target--O3.so
built targets/corrupted-target--O3.so
/home/arkheionx/Documents/ETC/ecc-audit-engine/harnesses/leaky-target/target.c:21:22: warning: ‘secret_table’ defined but not used [-Wunused-const-variable=]
   21 | static const uint8_t secret_table[16][64] = {
      |                      ^~~~~~~~~~~~
dadbca4ad8a3d4836c2115ff10c9d269d013763d079e58d511c9b26624d44bc9  targets/leaky-branch--O3.so
built targets/leaky-branch--O3.so
94158a3bbcafbbcefedc932f81fb286ea65aeae0360fc9ff872de22fbf6ca1e8  targets/leaky-table--O3.so
built targets/leaky-table--O3.so
69eac37f804cbd22d5447d1dd80e3c9dca660e1477947cea911158beab7d01e3  targets/leaky-control--O3.so
built targets/leaky-control--O3.so
03d46a5cac40f7e1a9c8d29ff3f3acbbbaead5d70184cac7c3c342f6cd980840  targets/correct-target--O3_-flto.so
built targets/correct-target--O3_-flto.so
d72148c6d580259f5d4636c815489c44e5f58fd2a733c2e0c7154f64e095c2fe  targets/corrupted-target--O3_-flto.so
built targets/corrupted-target--O3_-flto.so
/home/arkheionx/Documents/ETC/ecc-audit-engine/harnesses/leaky-target/target.c:21:22: warning: ‘secret_table’ defined but not used [-Wunused-const-variable=]
   21 | static const uint8_t secret_table[16][64] = {
      |                      ^~~~~~~~~~~~
cbca3d29576d4f3682edbb359004bcd0dcc856ba5b1d1b0595f69cc403b4a088  targets/leaky-branch--O3_-flto.so
built targets/leaky-branch--O3_-flto.so
de5a96626b18528ff9653e88cfbd30b3c4fa2d6182036e177f0c1b90a6fc1c22  targets/leaky-table--O3_-flto.so
built targets/leaky-table--O3_-flto.so
eb7ef58a935f6c859ffaf3c2d95fc6fb097f01b358bc5c5a127144195c73732f  targets/leaky-control--O3_-flto.so
built targets/leaky-control--O3_-flto.so
All targets built.
total 632
drwxrwxr-x  2 arkheionx arkheionx  4096 Jul 17 11:25 .
drwxrwxr-x 11 arkheionx arkheionx  4096 Jul 17 11:25 ..
-rw-rw-r--  1 arkheionx arkheionx    98 Jul 17 11:25 build-info.txt
-rw-rw-r--  1 arkheionx arkheionx    96 Jul 17 11:25 correct-target--O0.sha256
-rwxrwxr-x  1 arkheionx arkheionx 25408 Jul 17 11:25 correct-target--O0.so
-rw-rw-r--  1 arkheionx arkheionx    96 Jul 17 11:25 correct-target--O2.sha256
-rwxrwxr-x  1 arkheionx arkheionx 21104 Jul 17 11:25 correct-target--O2.so
-rw-rw-r--  1 arkheionx arkheionx   102 Jul 17 11:25 correct-target--O3_-flto.sha256
-rwxrwxr-x  1 arkheionx arkheionx 25152 Jul 17 11:25 correct-target--O3_-flto.so
-rw-rw-r--  1 arkheionx arkheionx    96 Jul 17 11:25 correct-target--O3.sha256
-rwxrwxr-x  1 arkheionx arkheionx 25200 Jul 17 11:25 correct-target--O3.so
lrwxrwxrwx  1 arkheionx arkheionx    21 Jul 17 11:25 correct-target.so -> correct-target--O2.so
-rw-rw-r--  1 arkheionx arkheionx    98 Jul 17 11:25 corrupted-target--O0.sha256
-rwxrwxr-x  1 arkheionx arkheionx 25416 Jul 17 11:25 corrupted-target--O0.so
-rw-rw-r--  1 arkheionx arkheionx    98 Jul 17 11:25 corrupted-target--O2.sha256
-rwxrwxr-x  1 arkheionx arkheionx 21112 Jul 17 11:25 corrupted-target--O2.so
-rw-rw-r--  1 arkheionx arkheionx   104 Jul 17 11:25 corrupted-target--O3_-flto.sha256
-rwxrwxr-x  1 arkheionx arkheionx 25160 Jul 17 11:25 corrupted-target--O3_-flto.so
-rw-rw-r--  1 arkheionx arkheionx    98 Jul 17 11:25 corrupted-target--O3.sha256
-rwxrwxr-x  1 arkheionx arkheionx 25208 Jul 17 11:25 corrupted-target--O3.so
lrwxrwxrwx  1 arkheionx arkheionx    23 Jul 17 11:25 corrupted-target.so -> corrupted-target--O2.so
-rw-rw-r--  1 arkheionx arkheionx    94 Jul 17 11:25 leaky-branch--O0.sha256
-rwxrwxr-x  1 arkheionx arkheionx 25560 Jul 17 11:25 leaky-branch--O0.so
-rw-rw-r--  1 arkheionx arkheionx    94 Jul 17 11:25 leaky-branch--O2.sha256
-rwxrwxr-x  1 arkheionx arkheionx 21224 Jul 17 11:25 leaky-branch--O2.so
-rw-rw-r--  1 arkheionx arkheionx   100 Jul 17 11:25 leaky-branch--O3_-flto.sha256
-rwxrwxr-x  1 arkheionx arkheionx 25272 Jul 17 11:25 leaky-branch--O3_-flto.so
-rw-rw-r--  1 arkheionx arkheionx    94 Jul 17 11:25 leaky-branch--O3.sha256
-rwxrwxr-x  1 arkheionx arkheionx 25320 Jul 17 11:25 leaky-branch--O3.so
lrwxrwxrwx  1 arkheionx arkheionx    19 Jul 17 11:25 leaky-branch.so -> leaky-branch--O2.so
-rw-rw-r--  1 arkheionx arkheionx    95 Jul 17 11:25 leaky-control--O0.sha256
-rwxrwxr-x  1 arkheionx arkheionx 25560 Jul 17 11:25 leaky-control--O0.so
-rw-rw-r--  1 arkheionx arkheionx    95 Jul 17 11:25 leaky-control--O2.sha256
-rwxrwxr-x  1 arkheionx arkheionx 21256 Jul 17 11:25 leaky-control--O2.so
-rw-rw-r--  1 arkheionx arkheionx   101 Jul 17 11:25 leaky-control--O3_-flto.sha256
-rwxrwxr-x  1 arkheionx arkheionx 25272 Jul 17 11:25 leaky-control--O3_-flto.so
-rw-rw-r--  1 arkheionx arkheionx    95 Jul 17 11:25 leaky-control--O3.sha256
-rwxrwxr-x  1 arkheionx arkheionx 25320 Jul 17 11:25 leaky-control--O3.so
lrwxrwxrwx  1 arkheionx arkheionx    20 Jul 17 11:25 leaky-control.so -> leaky-control--O2.so
-rw-rw-r--  1 arkheionx arkheionx    93 Jul 17 11:25 leaky-table--O0.sha256
-rwxrwxr-x  1 arkheionx arkheionx 25560 Jul 17 11:25 leaky-table--O0.so
-rw-rw-r--  1 arkheionx arkheionx    93 Jul 17 11:25 leaky-table--O2.sha256
-rwxrwxr-x  1 arkheionx arkheionx 21256 Jul 17 11:25 leaky-table--O2.so
-rw-rw-r--  1 arkheionx arkheionx    99 Jul 17 11:25 leaky-table--O3_-flto.sha256
-rwxrwxr-x  1 arkheionx arkheionx 25312 Jul 17 11:25 leaky-table--O3_-flto.so
-rw-rw-r--  1 arkheionx arkheionx    93 Jul 17 11:25 leaky-table--O3.sha256
-rwxrwxr-x  1 arkheionx arkheionx 25352 Jul 17 11:25 leaky-table--O3.so
lrwxrwxrwx  1 arkheionx arkheionx    18 Jul 17 11:25 leaky-table.so -> leaky-table--O2.so
lrwxrwxrwx  1 arkheionx arkheionx    19 Jul 17 11:25 leaky-target.so -> leaky-branch--O2.so
