upstream=https://github.com/bitcoin-core/secp256k1.git
commit=11dad6d06c0ea8fd6d9d423d32bddd18b70b8b53
date=2026-07-16 17:34:50 +0200
/home/arkheionx/Documents/ETC/ecc-audit-engine/targets-src/secp256k1/src/secp256k1.c:18: warning: "SECP256K1_BUILD" redefined
   18 | #define SECP256K1_BUILD
      | 
<command-line>: note: this is the location of the previous definition
99ecad20a99b676428431a1ad04fcbcfd060e8b23530b4d171a20d216fe29c36  /home/arkheionx/Documents/ETC/ecc-audit-engine/targets/libsecp256k1/libsecp256k1-gcc-O2.so
built /home/arkheionx/Documents/ETC/ecc-audit-engine/targets/libsecp256k1/libsecp256k1-gcc-O2.so with cc -O2 
/home/arkheionx/Documents/ETC/ecc-audit-engine/targets-src/secp256k1/src/secp256k1.c:18: warning: "SECP256K1_BUILD" redefined
   18 | #define SECP256K1_BUILD
      | 
<command-line>: note: this is the location of the previous definition
9f5770e3fdd3c49e27210df4d200b4cf1a060b61a1d481287fd5f1b897ac0390  /home/arkheionx/Documents/ETC/ecc-audit-engine/targets/libsecp256k1/libsecp256k1-gcc-O3.so
built /home/arkheionx/Documents/ETC/ecc-audit-engine/targets/libsecp256k1/libsecp256k1-gcc-O3.so with cc -O3 
/home/arkheionx/Documents/ETC/ecc-audit-engine/targets-src/secp256k1/src/secp256k1.c:18: warning: "SECP256K1_BUILD" redefined
   18 | #define SECP256K1_BUILD
      | 
<command-line>: note: this is the location of the previous definition
3bd4e0e53824921c6279a6331022f6fa5b71def3e7292902651d621c8d631a1a  /home/arkheionx/Documents/ETC/ecc-audit-engine/targets/libsecp256k1/libsecp256k1-gcc-O2-asm.so
built /home/arkheionx/Documents/ETC/ecc-audit-engine/targets/libsecp256k1/libsecp256k1-gcc-O2-asm.so with cc -O2 -DUSE_ASM_X86_64
/home/arkheionx/Documents/ETC/ecc-audit-engine/targets-src/secp256k1/src/secp256k1.c:18: warning: "SECP256K1_BUILD" redefined
   18 | #define SECP256K1_BUILD
      | 
<command-line>: note: this is the location of the previous definition
99ecad20a99b676428431a1ad04fcbcfd060e8b23530b4d171a20d216fe29c36  /home/arkheionx/Documents/ETC/ecc-audit-engine/targets/libsecp256k1/libsecp256k1-gcc-O2-noasm.so
built /home/arkheionx/Documents/ETC/ecc-audit-engine/targets/libsecp256k1/libsecp256k1-gcc-O2-noasm.so with cc -O2 
/home/arkheionx/Documents/ETC/ecc-audit-engine/targets-src/secp256k1/src/secp256k1.c:18: warning: "SECP256K1_BUILD" redefined
   18 | #define SECP256K1_BUILD
      | 
<command-line>: note: this is the location of the previous definition
b3be34d10b83e10461896a63bdc8ee1c5668038443a9b69bd63b768e00e82373  /home/arkheionx/Documents/ETC/ecc-audit-engine/targets/libsecp256k1/libsecp256k1-gcc-O2-verify.so
built /home/arkheionx/Documents/ETC/ecc-audit-engine/targets/libsecp256k1/libsecp256k1-gcc-O2-verify.so with cc -O2 -DVERIFY
clang not installed; skipping clang matrix
remote=https://github.com/bitcoin-core/secp256k1.git
commit=11dad6d06c0ea8fd6d9d423d32bddd18b70b8b53
commit_date=2026-07-16 17:34:50 +0200
builder_cc=cc (Ubuntu 13.3.0-6ubuntu2~24.04.1) 13.3.0
arch=x86_64
defs=-DSECP256K1_BUILD -DECMULT_WINDOW_SIZE=15 -DECMULT_GEN_PREC_BITS=4 -DSECP256K1_WIDEMUL_INT128
2026-07-17T11:34:27-04:00
libsecp256k1 builds complete under /home/arkheionx/Documents/ETC/ecc-audit-engine/targets/libsecp256k1
total 6044
drwxrwxr-x 2 arkheionx arkheionx    4096 Jul 17 11:34 .
drwxrwxr-x 3 arkheionx arkheionx    4096 Jul 17 11:34 ..
-rw-rw-r-- 1 arkheionx arkheionx     330 Jul 17 11:34 build-info.txt
-rw-rw-r-- 1 arkheionx arkheionx     161 Jul 17 11:34 libsecp256k1-gcc-O2-asm.sha256
-rwxrwxr-x 1 arkheionx arkheionx 1234008 Jul 17 11:34 libsecp256k1-gcc-O2-asm.so
-rw-rw-r-- 1 arkheionx arkheionx     163 Jul 17 11:34 libsecp256k1-gcc-O2-noasm.sha256
-rwxrwxr-x 1 arkheionx arkheionx 1234008 Jul 17 11:34 libsecp256k1-gcc-O2-noasm.so
-rw-rw-r-- 1 arkheionx arkheionx     157 Jul 17 11:34 libsecp256k1-gcc-O2.sha256
-rwxrwxr-x 1 arkheionx arkheionx 1234008 Jul 17 11:34 libsecp256k1-gcc-O2.so
-rw-rw-r-- 1 arkheionx arkheionx     164 Jul 17 11:34 libsecp256k1-gcc-O2-verify.sha256
-rwxrwxr-x 1 arkheionx arkheionx 1189872 Jul 17 11:34 libsecp256k1-gcc-O2-verify.so
-rw-rw-r-- 1 arkheionx arkheionx     157 Jul 17 11:34 libsecp256k1-gcc-O3.sha256
-rwxrwxr-x 1 arkheionx arkheionx 1250000 Jul 17 11:34 libsecp256k1-gcc-O3.so
