differential: 148 cases, 41 failures, target=f9c76492723ec4c512cc18844ede377431568e835ee553a09dd186175a131ac3
FAIL scalar/n Some(UnexpectedReject) exp=Some("00") obs=None
FAIL scalar/n+1 Some(UnexpectedReject) exp=Some("0479be667ef9dcbbac55a06295ce870b07029bfcdb2dce28d959f2815b16f81798483ada7726a3c4655da4fbfc0e1108a8fd17b448a68554199c47d08ffb10d4b8") obs=None
FAIL scalar/2^256-1 Some(UnexpectedReject) exp=Some("049166c289b9f905e55f9e3df9f69d7f356b4a22095f894f4715714aa4b56606aff181eb966be4acb5cff9e16b66d809be94e214f06c93fd091099af98499255e7") obs=None
FAIL scalar/all_ff Some(UnexpectedReject) exp=Some("049166c289b9f905e55f9e3df9f69d7f356b4a22095f894f4715714aa4b56606aff181eb966be4acb5cff9e16b66d809be94e214f06c93fd091099af98499255e7") obs=None
FAIL fe_mul/0_x_0 Some(UnexpectedReject) exp=Some("0000000000000000000000000000000000000000000000000000000000000000") obs=None
FAIL fe_mul/0_x_1 Some(UnexpectedReject) exp=Some("0000000000000000000000000000000000000000000000000000000000000000") obs=None
FAIL fe_mul/0_x_2 Some(UnexpectedReject) exp=Some("0000000000000000000000000000000000000000000000000000000000000000") obs=None
FAIL fe_mul/0_x_p-1 Some(UnexpectedReject) exp=Some("0000000000000000000000000000000000000000000000000000000000000000") obs=None
FAIL fe_mul/0_x_carry Some(UnexpectedReject) exp=Some("0000000000000000000000000000000000000000000000000000000000000000") obs=None
FAIL fe_mul/0_x_near_mid Some(UnexpectedReject) exp=Some("0000000000000000000000000000000000000000000000000000000000000000") obs=None
FAIL fe_mul/1_x_0 Some(UnexpectedReject) exp=Some("0000000000000000000000000000000000000000000000000000000000000000") obs=None
FAIL fe_mul/1_x_1 Some(UnexpectedReject) exp=Some("0000000000000000000000000000000000000000000000000000000000000001") obs=None
FAIL fe_mul/1_x_2 Some(UnexpectedReject) exp=Some("0000000000000000000000000000000000000000000000000000000000000002") obs=None
FAIL fe_mul/1_x_p-1 Some(UnexpectedReject) exp=Some("fffffffffffffffffffffffffffffffffffffffffffffffffffffffefffffc2e") obs=None
FAIL fe_mul/1_x_carry Some(UnexpectedReject) exp=Some("0000000000000000000000000000000000000000000000000000000003ffffff") obs=None
FAIL fe_mul/1_x_near_mid Some(UnexpectedReject) exp=Some("0000000000000000000000000000000100000000000000000000000000000000") obs=None
FAIL fe_mul/2_x_0 Some(UnexpectedReject) exp=Some("0000000000000000000000000000000000000000000000000000000000000000") obs=None
FAIL fe_mul/2_x_1 Some(UnexpectedReject) exp=Some("0000000000000000000000000000000000000000000000000000000000000002") obs=None
FAIL fe_mul/2_x_2 Some(UnexpectedReject) exp=Some("0000000000000000000000000000000000000000000000000000000000000004") obs=None
FAIL fe_mul/2_x_p-1 Some(UnexpectedReject) exp=Some("fffffffffffffffffffffffffffffffffffffffffffffffffffffffefffffc2d") obs=None
FAIL fe_mul/2_x_carry Some(UnexpectedReject) exp=Some("0000000000000000000000000000000000000000000000000000000007fffffe") obs=None
FAIL fe_mul/2_x_near_mid Some(UnexpectedReject) exp=Some("0000000000000000000000000000000200000000000000000000000000000000") obs=None
FAIL fe_mul/p-1_x_0 Some(UnexpectedReject) exp=Some("0000000000000000000000000000000000000000000000000000000000000000") obs=None
FAIL fe_mul/p-1_x_1 Some(UnexpectedReject) exp=Some("fffffffffffffffffffffffffffffffffffffffffffffffffffffffefffffc2e") obs=None
FAIL fe_mul/p-1_x_2 Some(UnexpectedReject) exp=Some("fffffffffffffffffffffffffffffffffffffffffffffffffffffffefffffc2d") obs=None
FAIL fe_mul/p-1_x_p-1 Some(UnexpectedReject) exp=Some("0000000000000000000000000000000000000000000000000000000000000001") obs=None
FAIL fe_mul/p-1_x_carry Some(UnexpectedReject) exp=Some("fffffffffffffffffffffffffffffffffffffffffffffffffffffffefbfffc30") obs=None
FAIL fe_mul/p-1_x_near_mid Some(UnexpectedReject) exp=Some("fffffffffffffffffffffffffffffffefffffffffffffffffffffffefffffc2f") obs=None
FAIL fe_mul/carry_x_0 Some(UnexpectedReject) exp=Some("0000000000000000000000000000000000000000000000000000000000000000") obs=None
FAIL fe_mul/carry_x_1 Some(UnexpectedReject) exp=Some("0000000000000000000000000000000000000000000000000000000003ffffff") obs=None
FAIL fe_mul/carry_x_2 Some(UnexpectedReject) exp=Some("0000000000000000000000000000000000000000000000000000000007fffffe") obs=None
FAIL fe_mul/carry_x_p-1 Some(UnexpectedReject) exp=Some("fffffffffffffffffffffffffffffffffffffffffffffffffffffffefbfffc30") obs=None
FAIL fe_mul/carry_x_carry Some(UnexpectedReject) exp=Some("000000000000000000000000000000000000000000000000000ffffff8000001") obs=None
FAIL fe_mul/carry_x_near_mid Some(UnexpectedReject) exp=Some("00000000000000000000000003ffffff00000000000000000000000000000000") obs=None
FAIL fe_mul/near_mid_x_0 Some(UnexpectedReject) exp=Some("0000000000000000000000000000000000000000000000000000000000000000") obs=None
FAIL fe_mul/near_mid_x_1 Some(UnexpectedReject) exp=Some("0000000000000000000000000000000100000000000000000000000000000000") obs=None
FAIL fe_mul/near_mid_x_2 Some(UnexpectedReject) exp=Some("0000000000000000000000000000000200000000000000000000000000000000") obs=None
FAIL fe_mul/near_mid_x_p-1 Some(UnexpectedReject) exp=Some("fffffffffffffffffffffffffffffffefffffffffffffffffffffffefffffc2f") obs=None
FAIL fe_mul/near_mid_x_carry Some(UnexpectedReject) exp=Some("00000000000000000000000003ffffff00000000000000000000000000000000") obs=None
FAIL fe_mul/near_mid_x_near_mid Some(UnexpectedReject) exp=Some("00000000000000000000000000000000000000000000000000000001000003d1") obs=None
FAIL point_mul/n*G Some(UnexpectedReject) exp=Some("00") obs=None
report -> reports/verification-run/libsecp/report.json
