differential: 148 cases, 14 failures, target=d3e563883380e00c91601c9197c4051038c7a3323a13917cfd4d5267ce5c7a29
FAIL scalar/n Some(InfinityMismatch) exp=Some("00") obs=Some("0479be667ef9dcbbac55a06295ce870b07029bfcdb2dce28d959f2815b16f81798483ada7726a3c4655da4fbfc0e1108a8fd17b448a68554199c47d08ffb10d4b8")
minimized -> reports/verification-run/reproducers/MIN-scalar_n.json
FAIL fe_mul/0_x_carry Some(ArithmeticMismatch) exp=Some("0000000000000000000000000000000000000000000000000000000000000000") obs=Some("0000000000000000000000000000000000000000000000000000000000000001")
minimized -> reports/verification-run/reproducers/MIN-fe_mul_0_x_carry.json
FAIL fe_mul/1_x_carry Some(ArithmeticMismatch) exp=Some("0000000000000000000000000000000000000000000000000000000003ffffff") obs=Some("0000000000000000000000000000000000000000000000000000000003fffffe")
minimized -> reports/verification-run/reproducers/MIN-fe_mul_1_x_carry.json
FAIL fe_mul/2_x_carry Some(ArithmeticMismatch) exp=Some("0000000000000000000000000000000000000000000000000000000007fffffe") obs=Some("0000000000000000000000000000000000000000000000000000000007ffffff")
minimized -> reports/verification-run/reproducers/MIN-fe_mul_2_x_carry.json
FAIL fe_mul/p-1_x_carry Some(ArithmeticMismatch) exp=Some("fffffffffffffffffffffffffffffffffffffffffffffffffffffffefbfffc30") obs=Some("fffffffffffffffffffffffffffffffffffffffffffffffffffffffefbfffc31")
minimized -> reports/verification-run/reproducers/MIN-fe_mul_p-1_x_carry.json
FAIL fe_mul/carry_x_0 Some(ArithmeticMismatch) exp=Some("0000000000000000000000000000000000000000000000000000000000000000") obs=Some("0000000000000000000000000000000000000000000000000000000000000001")
minimized -> reports/verification-run/reproducers/MIN-fe_mul_carry_x_0.json
FAIL fe_mul/carry_x_1 Some(ArithmeticMismatch) exp=Some("0000000000000000000000000000000000000000000000000000000003ffffff") obs=Some("0000000000000000000000000000000000000000000000000000000003fffffe")
minimized -> reports/verification-run/reproducers/MIN-fe_mul_carry_x_1.json
FAIL fe_mul/carry_x_2 Some(ArithmeticMismatch) exp=Some("0000000000000000000000000000000000000000000000000000000007fffffe") obs=Some("0000000000000000000000000000000000000000000000000000000007ffffff")
minimized -> reports/verification-run/reproducers/MIN-fe_mul_carry_x_2.json
FAIL fe_mul/carry_x_p-1 Some(ArithmeticMismatch) exp=Some("fffffffffffffffffffffffffffffffffffffffffffffffffffffffefbfffc30") obs=Some("fffffffffffffffffffffffffffffffffffffffffffffffffffffffefbfffc31")
minimized -> reports/verification-run/reproducers/MIN-fe_mul_carry_x_p-1.json
FAIL fe_mul/carry_x_carry Some(ArithmeticMismatch) exp=Some("000000000000000000000000000000000000000000000000000ffffff8000001") obs=Some("000000000000000000000000000000000000000000000000000ffffff8000000")
minimized -> reports/verification-run/reproducers/MIN-fe_mul_carry_x_carry.json
FAIL fe_mul/carry_x_near_mid Some(ArithmeticMismatch) exp=Some("00000000000000000000000003ffffff00000000000000000000000000000000") obs=Some("00000000000000000000000003ffffff00000000000000000000000000000001")
minimized -> reports/verification-run/reproducers/MIN-fe_mul_carry_x_near_mid.json
FAIL fe_mul/near_mid_x_carry Some(ArithmeticMismatch) exp=Some("00000000000000000000000003ffffff00000000000000000000000000000000") obs=Some("00000000000000000000000003ffffff00000000000000000000000000000001")
minimized -> reports/verification-run/reproducers/MIN-fe_mul_near_mid_x_carry.json
FAIL point_add/G+(-G) Some(InfinityMismatch) exp=Some("00") obs=Some("0479be667ef9dcbbac55a06295ce870b07029bfcdb2dce28d959f2815b16f81798483ada7726a3c4655da4fbfc0e1108a8fd17b448a68554199c47d08ffb10d4b8")
minimized -> reports/verification-run/reproducers/MIN-point_add_G+(-G).json
FAIL point_mul/n*G Some(InfinityMismatch) exp=Some("00") obs=Some("0479be667ef9dcbbac55a06295ce870b07029bfcdb2dce28d959f2815b16f81798483ada7726a3c4655da4fbfc0e1108a8fd17b448a68554199c47d08ffb10d4b8")
minimized -> reports/verification-run/reproducers/MIN-point_mul_n*G.json
report -> reports/verification-run/report.json
